==40834== Memcheck, a memory error detector
==40834== Copyright (C) 2002-2017, and GNU GPL'd, by Julian Seward et al.
==40834== Using Valgrind-3.15.0 and LibVEX; rerun with -h for copyright info
==40834== Command: ./shell
==40834== Parent PID: 3457
==40834== 
==40834== 
==40834== Process terminating with default action of signal 2 (SIGINT)
==40834==    at 0x496BFD2: read (read.c:26)
==40834==    by 0x48EEB9E: _IO_file_underflow@@GLIBC_2.2.5 (fileops.c:517)
==40834==    by 0x48E1717: getdelim (iogetdelim.c:73)
==40834==    by 0x10947E: main (in /home/ducnguyen/Documents/EE111/Assignment1/shell)
==40834== 
==40834== HEAP SUMMARY:
==40834==     in use at exit: 376 bytes in 2 blocks
==40834==   total heap usage: 14 allocs, 12 frees, 4,304 bytes allocated
==40834== 
==40834== LEAK SUMMARY:
==40834==    definitely lost: 0 bytes in 0 blocks
==40834==    indirectly lost: 0 bytes in 0 blocks
==40834==      possibly lost: 0 bytes in 0 blocks
==40834==    still reachable: 376 bytes in 2 blocks
==40834==         suppressed: 0 bytes in 0 blocks
==40834== Reachable blocks (those to which a pointer was found) are not shown.
==40834== To see them, rerun with: --leak-check=full --show-leak-kinds=all
==40834== 
==40834== For lists of detected and suppressed errors, rerun with: -s
==40834== ERROR SUMMARY: 0 errors from 0 contexts (suppressed: 0 from 0)
